PASSED_COUNT=21
PASS:TC01_Accounts_Info_Check
PASS:TC13_BlewithoutRouter_CONNECTIVITY
PASS:TC03_SignUp_Check
PASS:TC09_Pairing_BLE_With_Router
PASS:TC14_BlewithRouter_CONNECTIVITY
PASS:TC15_SmartConfig_CONNECTIVITY
PASS:TC_24_Analytics_BLE_without_Router_App_Close
PASS:TC06_SignIn_SuccessFlow_Check
PASS:TC19_DeviceSettings_Add_Router
PASS:TC_23_Analytics_BLE_Without_Router
PASS:TC31_Schedular_BLE_Without_Router_App_close
PASS:TC33_Ble_Without_Router_Factory_Reset
PASS:TC07_SignIn_Logout_Check
PASS:TC02_SignUp_Check
PASS:TC18_UI_CONNECTIVITY_MOD_0_TC_01TO03
PASS:TC32_FactoryReset_check
PASS:TC_25_Analytics_SmartConfig_Mode
PASS:TC04_SignIn_Try_SignIn_unregistered_User
PASS:TC05_Login_Check_Valid_User
PASS:TC30_Schedular_BLE_without_router
PASS:TC28_Schedular_SmartConfig_Mode
FAILED_COUNT=6
FAIL:TC08_Pairing_BLE_Without_Router
FAIL:TC21_DeviceSettings_LED_Quite_Mode
FAIL:TC20_DeviceSettings_Remove_Router
FAIL:TC_26_Analytics_Smartconfig_App_close
FAIL:TC29_Schedular_Smartconfig_app_close
FAIL:TC10_Pairing_in_SmartConfig_Mode
SKIPPED_COUNT=9
SKIP:TC08_Pairing_BLE_Without_Router
SKIP:TC01_Accounts_Info_Check
SKIP:TC29_Schedular_Smartconfig_app_close
SKIP:TC15_SmartConfig_CONNECTIVITY
SKIP:TC20_DeviceSettings_Remove_Router
SKIP:TC21_DeviceSettings_LED_Quite_Mode
SKIP:TC_26_Analytics_Smartconfig_App_close
SKIP:TC33_Ble_Without_Router_Factory_Reset
SKIP:TC10_Pairing_in_SmartConfig_Mode
